World size: 16
Rank 0 Building initial mesh
Mesh resolution: 100 x 100 x 100
Communication steps: 20, smoothing passes/step: 3
Initializing mesh
Creating a 3D box mesh 
Initial mesh build time: 3.34785 seconds
Initial mesh has 1000000 elements and 1030301 nodes
 Num_nodes_in_elem: 8
 Num_dims: 3
 Num_elems: 1000000
 Num_nodes: 1030301
 Num_nodes_in_elem: 8
 Num_nodes_in_elem: 8
Partitioning mesh using PT-Scotch
After partitioning
Mesh partitioning time: 8.14 seconds
-----------------------------
Rank 0 mesh info:
Final mesh has 68343 elements and 74011 nodes
Final mesh has 62550 owned elements and 67960 owned nodes
Final mesh num_dims = 3
-----------------------------
-----------------------------
Rank 1 mesh info:
Final mesh has 71832 elements and 78211 nodes
Final mesh has 62555 owned elements and 68504 owned nodes
Final mesh num_dims = 3
-----------------------------
-----------------------------
Rank 2 mesh info:
Final mesh has 68315 elements and 74044 nodes
Final mesh has 62557 owned elements and 67985 owned nodes
Final mesh num_dims = 3
-----------------------------
-----------------------------
Rank 3 mesh info:
Final mesh has 72331 elements and 78817 nodes
Final mesh has 62557 owned elements and 68595 owned nodes
Final mesh num_dims = 3
-----------------------------
-----------------------------
Rank 4 mesh info:
Final mesh has 71180 elements and 77175 nodes
Final mesh has 62512 owned elements and 68116 owned nodes
Final mesh num_dims = 3
-----------------------------
-----------------------------
Rank 5 mesh info:
Final mesh has 67900 elements and 73445 nodes
Final mesh has 62455 owned elements and 67728 owned nodes
Final mesh num_dims = 3
-----------------------------
-----------------------------
Rank 6 mesh info:
Final mesh has 67723 elements and 73132 nodes
Final mesh has 62473 owned elements and 67631 owned nodes
Final mesh num_dims = 3
-----------------------------
-----------------------------
Rank 7 mesh info:
Final mesh has 70897 elements and 76849 nodes
Final mesh has 62483 owned elements and 68050 owned nodes
Final mesh num_dims = 3
-----------------------------
-----------------------------
Rank 8 mesh info:
Final mesh has 68517 elements and 74315 nodes
Final mesh has 62521 owned elements and 68029 owned nodes
Final mesh num_dims = 3
-----------------------------
-----------------------------
Rank 9 mesh info:
Final mesh has 71276 elements and 77407 nodes
Final mesh has 62444 owned elements and 68194 owned nodes
Final mesh num_dims = 3
-----------------------------
-----------------------------
Rank 10 mesh info:
Final mesh has 68046 elements and 73679 nodes
Final mesh has 62553 owned elements and 67914 owned nodes
Final mesh num_dims = 3
-----------------------------
-----------------------------
Rank 11 mesh info:
Final mesh has 71732 elements and 77921 nodes
Final mesh has 62553 owned elements and 68326 owned nodes
Final mesh num_dims = 3
-----------------------------
-----------------------------
Rank 12 mesh info:
Final mesh has 70987 elements and 76869 nodes
Final mesh has 62469 owned elements and 67972 owned nodes
Final mesh num_dims = 3
-----------------------------
-----------------------------
Rank 13 mesh info:
Final mesh has 68080 elements and 73633 nodes
Final mesh has 62441 owned elements and 67731 owned nodes
Final mesh num_dims = 3
-----------------------------
-----------------------------
Rank 14 mesh info:
Final mesh has 75869 elements and 83609 nodes
Final mesh has 62438 owned elements and 70999 owned nodes
Final mesh num_dims = 3
-----------------------------
Total number of nodes: 1030301
Error in node count = 0
Generating phony data for gauss points to test MPI communications for the gauss point field communication
-----------------------------
Rank 15 mesh info:
Final mesh has 72607 elements and 79882 nodes
Final mesh has 62439 owned elements and 70592 owned nodes
Final mesh num_dims = 3
-----------------------------
Rank 0 gauss point fields communication time over 20 step(s): min=0.000139502 avg=0.000176076 max=0.000719143 seconds
Rank 0 gauss point fields_vec communication time over 20 step(s): min=0.000141666 avg=0.000178752 max=0.000699506 seconds
Rank 1 gauss point fields communication time over 20 step(s): min=0.000185218 avg=0.000214591 max=0.000748077 seconds
Rank 1 gauss point fields_vec communication time over 20 step(s): min=0.000184457 avg=0.000213599 max=0.000726878 seconds
Rank 2 gauss point fields communication time over 20 step(s): min=0.000155452 avg=0.000203582 max=0.000729981 seconds
Rank 2 gauss point fields_vec communication time over 20 step(s): min=0.000156414 avg=0.000200494 max=0.000705165 seconds
Rank 3 gauss point fields communication time over 20 step(s): min=0.000189556 avg=0.000226899 max=0.000752193 seconds
Rank 3 gauss point fields_vec communication time over 20 step(s): min=0.000188595 avg=0.000224724 max=0.000731394 seconds
Rank 4 gauss point fields communication time over 20 step(s): min=0.000178656 avg=0.00019684 max=0.00049963 seconds
Rank 4 gauss point fields_vec communication time over 20 step(s): min=0.000179789 avg=0.000193634 max=0.000428947 seconds
Rank 5 gauss point fields communication time over 20 step(s): min=0.000162385 avg=0.000179445 max=0.000483209 seconds
Rank 5 gauss point fields_vec communication time over 20 step(s): min=0.000169909 avg=0.000184304 max=0.000422495 seconds
Rank 6 gauss point fields communication time over 20 step(s): min=0.000146055 avg=0.000162351 max=0.000440991 seconds
Rank 6 gauss point fields_vec communication time over 20 step(s): min=0.000147408 avg=0.000161139 max=0.000384054 seconds
Rank 7 gauss point fields communication time over 20 step(s): min=0.000177334 avg=0.000207531 max=0.000744834 seconds
Rank 7 gauss point fields_vec communication time over 20 step(s): min=0.000178025 avg=0.000208367 max=0.000723133 seconds
Rank 8 gauss point fields communication time over 20 step(s): min=0.000158027 avg=0.00017725 max=0.000439197 seconds
Rank 8 gauss point fields_vec communication time over 20 step(s): min=0.000162065 avg=0.000177139 max=0.000418759 seconds
Rank 9 gauss point fields communication time over 20 step(s): min=0.000178166 avg=0.000225731 max=0.000741557 seconds
Rank 9 gauss point fields_vec communication time over 20 step(s): min=0.000181561 avg=0.000223423 max=0.000722791 seconds
Rank 10 gauss point fields communication time over 20 step(s): min=0.000151475 avg=0.000154081 max=0.000158098 seconds
Rank 10 gauss point fields_vec communication time over 20 step(s): min=0.000154942 avg=0.000156606 max=0.000160482 seconds
Rank 12 gauss point fields communication time over 20 step(s): min=0.000174256 avg=0.000193141 max=0.000450621 seconds
Rank 12 gauss point fields_vec communication time over 20 step(s): min=0.000178446 avg=0.000191584 max=0.000398309 seconds
Rank 11 gauss point fields communication time over 20 step(s): min=0.000183716 avg=0.000212268 max=0.000735004 seconds
Rank 11 gauss point fields_vec communication time over 20 step(s): min=0.000183366 avg=0.000212471 max=0.000715779 seconds
Generating phony data for nodes to test MPI communications for the nodal fields
Rank 14 gauss point fields communication time over 20 step(s): min=0.000212552 avg=0.00024351 max=0.000528047 seconds
Rank 14 gauss point fields_vec communication time over 20 step(s): min=0.00021171 avg=0.000236738 max=0.000452123 seconds
Rank 15 gauss point fields communication time over 20 step(s): min=0.000181042 avg=0.000219481 max=0.000496197 seconds
Rank 15 gauss point fields_vec communication time over 20 step(s): min=0.000180531 avg=0.000202934 max=0.000224023 seconds
Rank 13 gauss point fields communication time over 20 step(s): min=0.000151347 avg=0.000165843 max=0.000395166 seconds
Rank 13 gauss point fields_vec communication time over 20 step(s): min=0.000151837 avg=0.000166046 max=0.000412626 seconds
Rank 0 nodal scalar_field communication time over 20 step(s): min=0.000149852 avg=0.000195142 max=0.00100944 seconds
Rank 0 nodal vector_field communication time over 20 step(s): min=0.000151625 avg=0.000200664 max=0.0011034 seconds
Rank 2 nodal scalar_field communication time over 20 step(s): min=0.000161523 avg=0.000207002 max=0.00101838 seconds
Rank 2 nodal vector_field communication time over 20 step(s): min=0.00015979 avg=0.000209207 max=0.0011148 seconds
Rank 3 nodal scalar_field communication time over 20 step(s): min=0.000198854 avg=0.000243138 max=0.00104573 seconds
Rank 3 nodal vector_field communication time over 20 step(s): min=0.000195958 avg=0.000244984 max=0.00114169 seconds
Rank 4 nodal scalar_field communication time over 20 step(s): min=0.000187333 avg=0.000203967 max=0.000474052 seconds
Rank 4 nodal vector_field communication time over 20 step(s): min=0.000184356 avg=0.000203478 max=0.00053186 seconds
Rank 6 nodal scalar_field communication time over 20 step(s): min=0.000150133 avg=0.00017143 max=0.00044528 seconds
Rank 6 nodal vector_field communication time over 20 step(s): min=0.000142919 avg=0.00017192 max=0.000420613 seconds
Rank 1 nodal scalar_field communication time over 20 step(s): min=0.000194375 avg=0.000239181 max=0.00104306 seconds
Rank 1 nodal vector_field communication time over 20 step(s): min=0.000190388 avg=0.000239845 max=0.00113552 seconds
Rank 5 nodal scalar_field communication time over 20 step(s): min=0.000168286 avg=0.000181708 max=0.000396917 seconds
Rank 5 nodal vector_field communication time over 20 step(s): min=0.000164659 avg=0.000178009 max=0.000390014 seconds
Rank 7 nodal scalar_field communication time over 20 step(s): min=0.000178426 avg=0.000224871 max=0.00103535 seconds
Rank 7 nodal vector_field communication time over 20 step(s): min=0.000178637 avg=0.000232208 max=0.00112947 seconds
Rank 8 nodal scalar_field communication time over 20 step(s): min=0.000159701 avg=0.000193498 max=0.000729313 seconds
Rank 8 nodal vector_field communication time over 20 step(s): min=0.000152437 avg=0.000199475 max=0.00081772 seconds
Rank 9 nodal scalar_field communication time over 20 step(s): min=0.000182484 avg=0.000228276 max=0.00103815 seconds
Rank 9 nodal vector_field communication time over 20 step(s): min=0.000183716 avg=0.000235044 max=0.00112984 seconds
Rank 10 nodal scalar_field communication time over 20 step(s): min=0.000150002 avg=0.000169439 max=0.000433858 seconds
Rank 10 nodal vector_field communication time over 20 step(s): min=0.000141536 avg=0.000172494 max=0.000470366 seconds
Rank 11 nodal scalar_field communication time over 20 step(s): min=0.000187613 avg=0.000232171 max=0.00102865 seconds
Rank 11 nodal vector_field communication time over 20 step(s): min=0.000182734 avg=0.000236745 max=0.00112244 seconds
Rank 12 nodal scalar_field communication time over 20 step(s): min=0.000180122 avg=0.000197534 max=0.000465986 seconds
Rank 12 nodal vector_field communication time over 20 step(s): min=0.000175583 avg=0.000199584 max=0.000491827 seconds
Rank 14 nodal scalar_field communication time over 20 step(s): min=0.000210307 avg=0.000228837 max=0.000480477 seconds
Rank 14 nodal vector_field communication time over 20 step(s): min=0.000210147 avg=0.000227351 max=0.000515974 seconds
Rank 0 communication volume (sent 381824 bytes, received 385824 bytes):
  element (gauss) fields:
    -> rank 1: 83680 bytes
    -> rank 7: 41856 bytes
    -> rank 8: 54432 bytes
    -> rank 9: 4352 bytes
    <- rank 1: 82784 bytes
    <- rank 7: 43200 bytes
    <- rank 8: 54944 bytes
    <- rank 9: 4448 bytes
  node fields:
    -> rank 1: 88384 bytes
    -> rank 7: 44480 bytes
    -> rank 8: 57696 bytes
    -> rank 9: 6944 bytes
    <- rank 1: 86816 bytes
Rank 15 nodal scalar_field communication time over 20 step(s): min=0.000179218 avg=0.000195558 max=0.000415364 seconds
Rank 15 nodal vector_field communication time over 20 step(s): min=0.000177966 avg=0.000191393 max=0.00040781 seconds
    <- rank 7: 47232 bytes
    <- rank 8: 59264 bytes
    <- rank 9: 7136 bytes
Rank 1 communication volume (sent 623328 bytes, received 623616 bytes):
  element (gauss) fields:
    -> rank 0: 82784 bytes
    -> rank 2: 40288 bytes
    -> rank 3: 62016 bytes
Rank 13 nodal scalar_field communication time over 20 step(s): min=0.000153862 avg=0.000173044 max=0.000431204 seconds
Rank 13 nodal vector_field communication time over 20 step(s): min=0.000154351 avg=0.000171305 max=0.000466056 seconds
    -> rank 4: 5152 bytes
    -> rank 7: 50368 bytes
    -> rank 8: 8608 bytes
    -> rank 9: 41120 bytes
    -> rank 11: 6432 bytes
    <- rank 0: 83680 bytes
    <- rank 2: 39008 bytes
    <- rank 3: 60960 bytes
    <- rank 4: 5280 bytes
    <- rank 7: 51360 bytes
    <- rank 8: 8672 bytes
    <- rank 9: 41376 bytes
    <- rank 11: 6528 bytes
  node fields:
    -> rank 0: 86816 bytes
    -> rank 2: 44672 bytes
    -> rank 3: 67392 bytes
    -> rank 4: 7136 bytes
    -> rank 7: 55136 bytes
    -> rank 8: 11296 bytes
    -> rank 9: 45152 bytes
    -> rank 11: 8960 bytes
    <- rank 0: 88384 bytes
    <- rank 2: 41952 bytes
    <- rank 3: 65472 bytes
    <- rank 4: 7488 bytes
    <- rank 7: 56896 bytes
    <- rank 8: 11456 bytes
    <- rank 9: 45728 bytes
    <- rank 11: 9376 bytes
Rank 2 communication volume (sent 381536 bytes, received 386944 bytes):
  element (gauss) fields:
    -> rank 1: 39008 bytes
    -> rank 3: 89664 bytes
    -> rank 9: 9600 bytes
    -> rank 14: 1536 bytes
    -> rank 15: 43008 bytes
    <- rank 1: 40288 bytes
    <- rank 3: 90048 bytes
    <- rank 9: 9568 bytes
    <- rank 14: 1024 bytes
    <- rank 15: 43328 bytes
  node fields:
    -> rank 1: 41952 bytes
    -> rank 3: 93760 bytes
    -> rank 9: 11936 bytes
    -> rank 14: 4480 bytes
    -> rank 15: 46592 bytes
    <- rank 1: 44672 bytes
    <- rank 3: 94688 bytes
    <- rank 9: 11968 bytes
    <- rank 14: 3488 bytes
    <- rank 15: 47872 bytes
Rank 4 communication volume (sent 593696 bytes, received 582304 bytes):
  element (gauss) fields:
    -> rank 1: 5280 bytes
    -> rank 3: 39936 bytes
    -> rank 5: 84672 bytes
    -> rank 6: 43200 bytes
    -> rank 7: 48256 bytes
    -> rank 10: 1344 bytes
    -> rank 11: 1056 bytes
    -> rank 12: 40832 bytes
    -> rank 13: 14400 bytes
    -> rank 14: 2176 bytes
    <- rank 1: 5152 bytes
Rank 3 communication volume (sent 673280 bytes, received 660032 bytes):
  element (gauss) fields:
    -> rank 1: 60960 bytes
    -> rank 2: 90048 bytes
    -> rank 4: 41312 bytes
    -> rank 5: 47744 bytes
    -> rank 7: 5024 bytes
    -> rank 9: 8992 bytes
    -> rank 11: 608 bytes
    -> rank 12: 4992 bytes
    -> rank 13: 288 bytes
    -> rank 14: 50976 bytes
    -> rank 15: 6272 bytes
    <- rank 1: 62016 bytes
    <- rank 2: 89664 bytes
    <- rank 4: 39936 bytes
    <- rank 5: 46624 bytes
    <- rank 7: 5312 bytes
    <- rank 9: 9440 bytes
    <- rank 11: 544 bytes
    <- rank 12: 4672 bytes
    <- rank 13: 384 bytes
    <- rank 14: 48960 bytes
    <- rank 15: 5216 bytes
  node fields:
    -> rank 1: 65472 bytes
    -> rank 2: 94688 bytes
    <- rank 3: 41312 bytes
    <- rank 5: 82624 bytes
    <- rank 6: 43200 bytes
    <- rank 7: 47168 bytes
    <- rank 10: 1280 bytes
    <- rank 11: 1056 bytes
    <- rank 12: 39424 bytes
    <- rank 13: 13984 bytes
    <- rank 14: 2176 bytes
  node fields:
    -> rank 1: 7488 bytes
    -> rank 3: 43584 bytes
    -> rank 5: 90144 bytes
    -> rank 4: 46560 bytes
    -> rank 5: 51904 bytes
    -> rank 7: 7104 bytes
    -> rank 9: 11936 bytes
    -> rank 11: 1312 bytes
    -> rank 12: 7328 bytes
    -> rank 13: 704 bytes
    -> rank 14: 57120 bytes
    -> rank 15: 11936 bytes
    <- rank 1: 67392 bytes
    <- rank 2: 93760 bytes
    <- rank 4: 43584 bytes
    <- rank 5: 49472 bytes
    <- rank 7: 7680 bytes
    <- rank 9: 12928 bytes
    <- rank 11: 1184 bytes
    <- rank 12: 6560 bytes
    <- rank 13: 960 bytes
    <- rank 14: 53664 bytes
    <- rank 15: 10080 bytes
    -> rank 6: 45696 bytes
    -> rank 7: 52640 bytes
    -> rank 10: 2880 bytes
    -> rank 11: 2656 bytes
    -> rank 12: 45888 bytes
    -> rank 13: 18048 bytes
    -> rank 14: 3520 bytes
    <- rank 1: 7136 bytes
    <- rank 3: 46560 bytes
    <- rank 5: 85920 bytes
    <- rank 6: 45696 bytes
    <- rank 7: 50464 bytes
    <- rank 10: 2688 bytes
    <- rank 11: 2656 bytes
    <- rank 12: 43136 bytes
    <- rank 13: 17152 bytes
    <- rank 14: 3520 bytes
Rank 6 communication volume (sent 348704 bytes, received 350144 bytes):
  element (gauss) fields:
    -> rank 4: 43200 bytes
    -> rank 7: 71968 bytes
    -> rank 10: 39648 bytes
    -> rank 11: 12704 bytes
    <- rank 4: 43200 bytes
    <- rank 7: 73600 bytes
    <- rank 10: 38336 bytes
    <- rank 11: 12864 bytes
  node fields:
    -> rank 4: 45696 bytes
    -> rank 7: 75168 bytes
    -> rank 10: 43904 bytes
    -> rank 11: 16416 bytes
Rank 5 communication volume (sent 353248 bytes, received 362752 bytes):
  element (gauss) fields:
    -> rank 3: 46624 bytes
    -> rank 4: 82624 bytes
    -> rank 13: 38976 bytes
    -> rank 14: 3040 bytes
    <- rank 3: 47744 bytes
    <- rank 4: 84672 bytes
    <- rank 13: 38560 bytes
    <- rank 14: 3264 bytes
  node fields:
    -> rank 3: 49472 bytes
    -> rank 4: 85920 bytes
    -> rank 13: 41952 bytes
    -> rank 14: 4640 bytes
    <- rank 3: 51904 bytes
    <- rank 4: 90144 bytes
    <- rank 13: 41280 bytes
    <- rank 14: 5184 bytes
    <- rank 4: 45696 bytes
    <- rank 7: 78496 bytes
    <- rank 10: 41216 bytes
    <- rank 11: 16736 bytes
Rank 8 communication volume (sent 395840 bytes, received 401184 bytes):
  element (gauss) fields:
    -> rank 0: 54944 bytes
    -> rank 1: 8672 bytes
    -> rank 7: 3936 bytes
    -> rank 9: 73312 bytes
    -> rank 11: 49152 bytes
    <- rank 0: 54432 bytes
    <- rank 1: 8608 bytes
    <- rank 7: 3872 bytes
    <- rank 9: 74240 bytes
    <- rank 11: 50720 bytes
  node fields:
Rank 7 communication volume (sent 570848 bytes, received 564672 bytes):
  element (gauss) fields:
    -> rank 0: 43200 bytes
    -> rank 1: 51360 bytes
    -> rank 3: 5312 bytes
    -> rank 4: 47168 bytes
    -> rank 6: 73600 bytes
    -> rank 8: 3872 bytes
    -> rank 0: 59264 bytes
    -> rank 1: 11456 bytes
    -> rank 7: 6560 bytes
    -> rank 9: 76288 bytes
    -> rank 11: 52256 bytes
    <- rank 0: 57696 bytes
    <- rank 1: 11296 bytes
    <- rank 7: 6496 bytes
    <- rank 9: 78368 bytes
    <- rank 11: 55456 bytes
    -> rank 11: 45760 bytes
    -> rank 12: 992 bytes
    <- rank 0: 41856 bytes
    <- rank 1: 50368 bytes
    <- rank 3: 5024 bytes
    <- rank 4: 48256 bytes
    <- rank 6: 71968 bytes
    <- rank 8: 3936 bytes
    <- rank 11: 46720 bytes
    <- rank 12: 1120 bytes
  node fields:
    -> rank 0: 47232 bytes
    -> rank 1: 56896 bytes
    -> rank 3: 7680 bytes
    -> rank 4: 50464 bytes
    -> rank 6: 78496 bytes
    -> rank 8: 6496 bytes
    -> rank 11: 49856 bytes
    -> rank 12: 2464 bytes
    <- rank 0: 44480 bytes
    <- rank 1: 55136 bytes
    <- rank 3: 7104 bytes
    <- rank 4: 52640 bytes
    <- rank 6: 75168 bytes
    <- rank 8: 6560 bytes
    <- rank 11: 51488 bytes
    <- rank 12: 2848 bytes
Rank 9 communication volume (sent 623808 bytes, received 595776 bytes):
  element (gauss) fields:
    -> rank 0: 4448 bytes
    -> rank 1: 41376 bytes
    -> rank 2: 9568 bytes
    -> rank 3: 9440 bytes
    -> rank 8: 74240 bytes
    -> rank 11: 41568 bytes
    -> rank 12: 15264 bytes
    -> rank 14: 42560 bytes
    -> rank 15: 53792 bytes
    <- rank 0: 4352 bytes
    <- rank 1: 41120 bytes
    <- rank 2: 9600 bytes
    <- rank 3: 8992 bytes
    <- rank 8: 73312 bytes
    <- rank 11: 41952 bytes
    <- rank 12: 15328 bytes
    <- rank 14: 38720 bytes
    <- rank 15: 49248 bytes
Rank 10 communication volume (sent 355424 bytes, received 365504 bytes):
  element (gauss) fields:
    -> rank 4: 1280 bytes
    -> rank 6: 38336 bytes
    -> rank 11: 92032 bytes
    -> rank 12: 40832 bytes
    <- rank 4: 1344 bytes
    <- rank 6: 39648 bytes
    <- rank 11: 92064 bytes
    <- rank 12: 42720 bytes
  node fields:
  node fields:
    -> rank 0: 7136 bytes
    -> rank 1: 45728 bytes
    -> rank 2: 11968 bytes
    -> rank 3: 12928 bytes
    -> rank 8: 78368 bytes
    -> rank 11: 45792 bytes
    -> rank 12: 18784 bytes
    -> rank 14: 49760 bytes
    -> rank 15: 61088 bytes
    <- rank 0: 6944 bytes
    <- rank 1: 45152 bytes
    <- rank 2: 11936 bytes
    <- rank 3: 11936 bytes
    <- rank 8: 76288 bytes
    <- rank 11: 46784 bytes
    <- rank 12: 18944 bytes
    <- rank 14: 42432 bytes
    <- rank 15: 52736 bytes
    -> rank 4: 2688 bytes
    -> rank 6: 41216 bytes
    -> rank 11: 95648 bytes
    -> rank 12: 43392 bytes
    <- rank 4: 2880 bytes
    <- rank 6: 43904 bytes
    <- rank 11: 95712 bytes
    <- rank 12: 47232 bytes
Rank 11 communication volume (sent 619520 bytes, received 615808 bytes):
  element (gauss) fields:
    -> rank 1: 6528 bytes
    -> rank 3: 544 bytes
    -> rank 4: 1056 bytes
    -> rank 6: 12864 bytes
    -> rank 7: 46720 bytes
    -> rank 8: 50720 bytes
    -> rank 9: 41952 bytes
    -> rank 10: 92064 bytes
    -> rank 12: 42464 bytes
    <- rank 1: 6432 bytes
    <- rank 3: 608 bytes
    <- rank 4: 1056 bytes
    <- rank 6: 12704 bytes
    <- rank 7: 45760 bytes
    <- rank 8: 49152 bytes
    <- rank 9: 41568 bytes
    <- rank 10: 92032 bytes
    <- rank 12: 44416 bytes
  node fields:
    -> rank 1: 9376 bytes
    -> rank 3: 1184 bytes
    -> rank 4: 2656 bytes
    -> rank 6: 16736 bytes
    -> rank 7: 51488 bytes
    -> rank 8: 55456 bytes
    -> rank 9: 46784 bytes
    -> rank 10: 95712 bytes
    -> rank 12: 45216 bytes
    <- rank 1: 8960 bytes
    <- rank 3: 1312 bytes
    <- rank 4: 2656 bytes
    <- rank 6: 16416 bytes
    <- rank 7: 49856 bytes
    <- rank 8: 52256 bytes
Rank 12 communication volume (sent 582400 bytes, received 570624 bytes):
  element (gauss) fields:
    -> rank 3: 4672 bytes
    -> rank 4: 39424 bytes
    -> rank 7: 1120 bytes
    -> rank 9: 15328 bytes
    -> rank 10: 42720 bytes
    -> rank 11: 44416 bytes
    -> rank 13: 77312 bytes
    -> rank 14: 51456 bytes
    <- rank 3: 4992 bytes
    <- rank 4: 40832 bytes
    <- rank 7: 992 bytes
    <- rank 9: 15264 bytes
    <- rank 10: 40832 bytes
    <- rank 11: 42464 bytes
    <- rank 13: 75680 bytes
    <- rank 9: 45792 bytes
    <- rank 10: 95648 bytes
    <- rank 12: 49184 bytes
Rank 14 communication volume (sent 821888 bytes, received 849888 bytes):
  element (gauss) fields:
    -> rank 2: 1024 bytes
    -> rank 3: 48960 bytes
    -> rank 4: 2176 bytes
    -> rank 5: 3264 bytes
    -> rank 9: 38720 bytes
    -> rank 12: 51520 bytes
    -> rank 13: 49472 bytes
    -> rank 15: 222304 bytes
    <- rank 2: 1536 bytes
    <- rank 3: 50976 bytes
    <- rank 4: 2176 bytes
    <- rank 5: 3040 bytes
Total data volume exchanged across all ranks: 8323552 bytes (7.93796 MB)
Writing VTU file for rank 0
    <- rank 9: 42560 bytes
    <- rank 12: 51456 bytes
    <- rank 13: 49888 bytes
    <- rank 15: 228160 bytes
  node fields:
    -> rank 2: 3488 bytes
    -> rank 3: 53664 bytes
    -> rank 4: 3520 bytes
    -> rank 5: 5184 bytes
    -> rank 9: 42432 bytes
    -> rank 12: 56032 bytes
    -> rank 13: 52320 bytes
    -> rank 15: 187808 bytes
    <- rank 2: 4480 bytes
    <- rank 3: 57120 bytes
    <- rank 4: 3520 bytes
    <- rank 5: 4640 bytes
    <- rank 9: 49760 bytes
    <- rank 12: 55840 bytes
    <- rank 13: 53216 bytes
    <- rank 15: 191520 bytes
    <- rank 14: 51520 bytes
  node fields:
    -> rank 3: 6560 bytes
    -> rank 4: 43136 bytes
    -> rank 7: 2848 bytes
    -> rank 9: 18944 bytes
    -> rank 10: 47232 bytes
    -> rank 11: 49184 bytes
    -> rank 13: 82208 bytes
    -> rank 14: 55840 bytes
    <- rank 3: 7328 bytes
    <- rank 4: 45888 bytes
    <- rank 7: 2464 bytes
    <- rank 9: 18784 bytes
    <- rank 10: 43392 bytes
Rank 15 communication volume (sent 628160 bytes, received 632800 bytes):
  element (gauss) fields:
    -> rank 2: 43328 bytes
    -> rank 3: 5216 bytes
    -> rank 9: 49248 bytes
    -> rank 14: 228160 bytes
    <- rank 2: 43008 bytes
    <- rank 3: 6272 bytes
    <- rank 9: 53792 bytes
    <- rank 14: 222304 bytes
  node fields:
    -> rank 2: 47872 bytes
    -> rank 3: 10080 bytes
    -> rank 9: 52736 bytes
    -> rank 14: 191520 bytes
    <- rank 2: 46592 bytes
    <- rank 3: 11936 bytes
    <- rank 9: 61088 bytes
    <- rank 14: 187808 bytes
    <- rank 11: 45216 bytes
    <- rank 13: 78944 bytes
    <- rank 14: 56032 bytes
Rank 13 communication volume (sent 370048 bytes, received 375680 bytes):
  element (gauss) fields:
    -> rank 3: 384 bytes
    -> rank 4: 13984 bytes
    -> rank 5: 38560 bytes
    -> rank 12: 75680 bytes
    -> rank 14: 49888 bytes
    <- rank 3: 288 bytes
    <- rank 4: 14400 bytes
    <- rank 5: 38976 bytes
    <- rank 12: 77312 bytes
    <- rank 14: 49472 bytes
  node fields:
    -> rank 3: 960 bytes
    -> rank 4: 17152 bytes
    -> rank 5: 41280 bytes
    -> rank 12: 78944 bytes
    -> rank 14: 53216 bytes
    <- rank 3: 704 bytes
    <- rank 4: 18048 bytes
    <- rank 5: 41952 bytes
    <- rank 12: 82208 bytes
    <- rank 14: 52320 bytes
Total execution time: 12.27 seconds
Wrote scaling-study CSV log: test2_results_mesh100x100x100_np16_comms20_smooth3.csv
