World size: 8
Rank 0 Building initial mesh
Mesh resolution: 100 x 100 x 100
Communication steps: 20, smoothing passes/step: 3
Initializing mesh
Creating a 3D box mesh 
Initial mesh build time: 3.37385 seconds
Initial mesh has 1000000 elements and 1030301 nodes
 Num_nodes_in_elem: 8
 Num_dims: 3
 Num_elems: 1000000
 Num_nodes: 1030301
 Num_nodes_in_elem: 8
 Num_nodes_in_elem: 8
Partitioning mesh using PT-Scotch
After partitioning
Mesh partitioning time: 19.62 seconds
-----------------------------
Rank 0 mesh info:
Final mesh has 139407 elements and 149788 nodes
Final mesh has 125124 owned elements and 136642 owned nodes
Final mesh num_dims = 3
-----------------------------
-----------------------------
Rank 1 mesh info:
Final mesh has 139980 elements and 150461 nodes
Final mesh has 125125 owned elements and 136942 owned nodes
Final mesh num_dims = 3
-----------------------------
-----------------------------
Rank 2 mesh info:
Final mesh has 140992 elements and 151759 nodes
Final mesh has 125125 owned elements and 137360 owned nodes
Final mesh num_dims = 3
-----------------------------
-----------------------------
Rank 3 mesh info:
Final mesh has 141082 elements and 152164 nodes
Final mesh has 125125 owned elements and 137758 owned nodes
Final mesh num_dims = 3
-----------------------------
-----------------------------
Rank 4 mesh info:
Final mesh has 143414 elements and 155195 nodes
Final mesh has 124875 owned elements and 139380 owned nodes
Final mesh num_dims = 3
-----------------------------
-----------------------------
Rank 5 mesh info:
Final mesh has 144824 elements and 157247 nodes
Final mesh has 124875 owned elements and 139821 owned nodes
Final mesh num_dims = 3
-----------------------------
-----------------------------
Rank 6 mesh info:
Final mesh has 146327 elements and 158590 nodes
Final mesh has 124875 owned elements and 140138 owned nodes
Final mesh num_dims = 3
-----------------------------
Total number of nodes: 1030301
Error in node count = 0
Generating phony data for gauss points to test MPI communications for the gauss point field communication
-----------------------------
Rank 7 mesh info:
Final mesh has 144672 elements and 156945 nodes
Final mesh has 124876 owned elements and 140107 owned nodes
Final mesh num_dims = 3
-----------------------------
Rank 0 gauss point fields communication time over 20 step(s): min=0.000235513 avg=0.000280264 max=0.000874174 seconds
Rank 0 gauss point fields_vec communication time over 20 step(s): min=0.000241595 avg=0.000280281 max=0.000774818 seconds
Rank 1 gauss point fields communication time over 20 step(s): min=0.000244389 avg=0.000275538 max=0.000603243 seconds
Rank 1 gauss point fields_vec communication time over 20 step(s): min=0.000241904 avg=0.000271579 max=0.00054301 seconds
Rank 2 gauss point fields communication time over 20 step(s): min=0.000251914 avg=0.000296348 max=0.000892679 seconds
Rank 2 gauss point fields_vec communication time over 20 step(s): min=0.000252475 avg=0.0002962 max=0.00078651 seconds
Rank 3 gauss point fields communication time over 20 step(s): min=0.000267204 avg=0.000313268 max=0.000886651 seconds
Rank 3 gauss point fields_vec communication time over 20 step(s): min=0.000270129 avg=0.000306027 max=0.000793826 seconds
Rank 4 gauss point fields communication time over 20 step(s): min=0.00028701 avg=0.000330416 max=0.000884416 seconds
Rank 4 gauss point fields_vec communication time over 20 step(s): min=0.000287602 avg=0.000328862 max=0.00078543 seconds
Rank 5 gauss point fields communication time over 20 step(s): min=0.000294956 avg=0.000335186 max=0.000887221 seconds
Rank 5 gauss point fields_vec communication time over 20 step(s): min=0.000294084 avg=0.000330508 max=0.00079605 seconds
Rank 6 gauss point fields communication time over 20 step(s): min=0.000308562 avg=0.000364352 max=0.000917654 seconds
Rank 6 gauss point fields_vec communication time over 20 step(s): min=0.000307794 avg=0.000351319 max=0.000817151 seconds
Generating phony data for nodes to test MPI communications for the nodal fields
Rank 7 gauss point fields communication time over 20 step(s): min=0.000301168 avg=0.000345489 max=0.000888527 seconds
Rank 7 gauss point fields_vec communication time over 20 step(s): min=0.000295839 avg=0.000336292 max=0.000794149 seconds
Rank 0 nodal scalar_field communication time over 20 step(s): min=0.000215966 avg=0.000253038 max=0.000780438 seconds
Rank 0 nodal vector_field communication time over 20 step(s): min=0.000216657 avg=0.000254606 max=0.000766602 seconds
Rank 1 nodal scalar_field communication time over 20 step(s): min=0.000218411 avg=0.000257867 max=0.000844066 seconds
Rank 1 nodal vector_field communication time over 20 step(s): min=0.000217138 avg=0.000257696 max=0.000767563 seconds
Rank 2 nodal scalar_field communication time over 20 step(s): min=0.000231887 avg=0.000271594 max=0.000857042 seconds
Rank 2 nodal vector_field communication time over 20 step(s): min=0.000231796 avg=0.000270709 max=0.000771141 seconds
Rank 3 nodal scalar_field communication time over 20 step(s): min=0.000234653 avg=0.000275475 max=0.000857406 seconds
Rank 3 nodal vector_field communication time over 20 step(s): min=0.000234642 avg=0.000260837 max=0.000512887 seconds
Rank 5 nodal scalar_field communication time over 20 step(s): min=0.000257726 avg=0.000292013 max=0.000808813 seconds
Rank 5 nodal vector_field communication time over 20 step(s): min=0.000253387 avg=0.000295206 max=0.000790589 seconds
Rank 4 nodal scalar_field communication time over 20 step(s): min=0.000248508 avg=0.000269518 max=0.000515642 seconds
Rank 4 nodal vector_field communication time over 20 step(s): min=0.000248698 avg=0.000274735 max=0.000528516 seconds
Rank 6 nodal scalar_field communication time over 20 step(s): min=0.000269171 avg=0.00030376 max=0.000801716 seconds
Rank 6 nodal vector_field communication time over 20 step(s): min=0.000269311 avg=0.000309145 max=0.000789424 seconds
Rank 0 communication volume (sent 895040 bytes, received 896768 bytes):
  element (gauss) fields:
    -> rank 1: 251584 bytes
    -> rank 2: 6432 bytes
    -> rank 3: 108864 bytes
    -> rank 4: 76736 bytes
Rank 7 nodal scalar_field communication time over 20 step(s): min=0.000255793 avg=0.000297326 max=0.000793919 seconds
Rank 7 nodal vector_field communication time over 20 step(s): min=0.000257105 avg=0.000293079 max=0.000776656 seconds
    -> rank 5: 11200 bytes
    -> rank 6: 3744 bytes
    <- rank 1: 253472 bytes
    <- rank 2: 7040 bytes
    <- rank 3: 108192 bytes
    <- rank 4: 74368 bytes
    <- rank 5: 10592 bytes
    <- rank 6: 3392 bytes
  node fields:
    -> rank 1: 201856 bytes
    -> rank 2: 11968 bytes
    -> rank 3: 113952 bytes
    -> rank 4: 84192 bytes
    -> rank 5: 17888 bytes
    -> rank 6: 6624 bytes
    <- rank 1: 210336 bytes
    <- rank 2: 13728 bytes
    <- rank 3: 113088 bytes
    <- rank 4: 79904 bytes
    <- rank 5: 16544 bytes
    <- rank 6: 6112 bytes
Rank 1 communication volume (sent 925152 bytes, received 923072 bytes):
  element (gauss) fields:
    -> rank 0: 253472 bytes
    -> rank 2: 108224 bytes
    -> rank 3: 3712 bytes
    -> rank 4: 128 bytes
    -> rank 5: 103424 bytes
    -> rank 6: 2016 bytes
    -> rank 7: 3584 bytes
    <- rank 0: 251584 bytes
    <- rank 2: 108320 bytes
    <- rank 3: 4000 bytes
    <- rank 4: 160 bytes
    <- rank 5: 106944 bytes
    <- rank 6: 1568 bytes
    <- rank 7: 2784 bytes
  node fields:
    -> rank 0: 210336 bytes
    -> rank 2: 114176 bytes
Rank 2 communication volume (sent 988448 bytes, received 987904 bytes):
  element (gauss) fields:
    -> rank 0: 7040 bytes
    -> rank 1: 108320 bytes
    -> rank 3: 295488 bytes
    -> rank 5: 8864 bytes
    -> rank 6: 15584 bytes
    -> rank 7: 72192 bytes
    <- rank 0: 6432 bytes
    <- rank 1: 108224 bytes
    <- rank 3: 300064 bytes
    <- rank 5: 7904 bytes
    -> rank 3: 8160 bytes
    -> rank 4: 576 bytes
    -> rank 5: 107744 bytes
    -> rank 6: 3616 bytes
    -> rank 7: 5984 bytes
    <- rank 0: 201856 bytes
    <- rank 2: 113632 bytes
    <- rank 3: 9024 bytes
    <- rank 4: 704 bytes
    <- rank 5: 115200 bytes
    <- rank 6: 2912 bytes
    <- rank 7: 4384 bytes
Rank 4 communication volume (sent 1137280 bytes, received 1116864 bytes):
  element (gauss) fields:
    -> rank 0: 74368 bytes
    -> rank 1: 160 bytes
    -> rank 3: 7840 bytes
    -> rank 5: 198048 bytes
    -> rank 6: 287872 bytes
    -> rank 7: 35552 bytes
    <- rank 0: 76736 bytes
    <- rank 1: 128 bytes
    <- rank 3: 9152 bytes
Rank 3 communication volume (sent 1003136 bytes, received 989792 bytes):
  element (gauss) fields:
    -> rank 0: 108192 bytes
    -> rank 1: 4000 bytes
    -> rank 2: 300064 bytes
    -> rank 4: 9152 bytes
    -> rank 5: 64 bytes
    -> rank 6: 91616 bytes
    -> rank 7: 2144 bytes
    <- rank 0: 108864 bytes
    <- rank 1: 3712 bytes
    <- rank 2: 295488 bytes
    <- rank 5: 190528 bytes
    <- rank 6: 283200 bytes
    <- rank 7: 33504 bytes
  node fields:
    -> rank 0: 79904 bytes
    -> rank 1: 704 bytes
    -> rank 3: 12096 bytes
    -> rank 5: 169120 bytes
    -> rank 6: 235040 bytes
    -> rank 7: 36576 bytes
    <- rank 0: 84192 bytes
    <- rank 1: 576 bytes
Rank 5 communication volume (sent 1199232 bytes, received 1217920 bytes):
  element (gauss) fields:
    -> rank 0: 10592 bytes
    -> rank 1: 106944 bytes
    -> rank 2: 7904 bytes
    -> rank 3: 64 bytes
    -> rank 4: 190528 bytes
    -> rank 6: 37952 bytes
    -> rank 7: 276000 bytes
    <- rank 0: 11200 bytes
    <- rank 1: 103424 bytes
    <- rank 2: 8864 bytes
    <- rank 6: 16576 bytes
    <- rank 7: 68544 bytes
  node fields:
    -> rank 0: 13728 bytes
    -> rank 1: 113632 bytes
    -> rank 3: 238432 bytes
    -> rank 5: 11936 bytes
    -> rank 6: 22752 bytes
    -> rank 7: 80480 bytes
    <- rank 0: 11968 bytes
    <- rank 1: 114176 bytes
    <- rank 3: 245984 bytes
    <- rank 3: 14208 bytes
    <- rank 5: 158144 bytes
    <- rank 6: 233120 bytes
    <- rank 7: 33376 bytes
    <- rank 3: 64 bytes
    <- rank 4: 198048 bytes
    <- rank 6: 36000 bytes
    <- rank 7: 280768 bytes
  node fields:
    -> rank 0: 16544 bytes
    -> rank 1: 115200 bytes
    -> rank 2: 10080 bytes
    -> rank 3: 448 bytes
    -> rank 4: 158144 bytes
    -> rank 6: 40992 bytes
    <- rank 5: 10080 bytes
    <- rank 6: 24416 bytes
    <- rank 7: 73536 bytes
Rank 6 communication volume (sent 1285824 bytes, received 1304672 bytes):
  element (gauss) fields:
    -> rank 0: 3392 bytes
    -> rank 1: 1568 bytes
    -> rank 2: 16576 bytes
    -> rank 3: 92448 bytes
    -> rank 4: 283200 bytes
    -> rank 5: 36000 bytes
    -> rank 7: 244000 bytes
    <- rank 0: 3744 bytes
    <- rank 1: 2016 bytes
    <- rank 2: 15584 bytes
    <- rank 3: 91616 bytes
    <- rank 4: 287872 bytes
    <- rank 5: 37952 bytes
    <- rank 7: 247680 bytes
  node fields:
    <- rank 4: 7840 bytes
    <- rank 5: 64 bytes
    <- rank 6: 92448 bytes
    <- rank 7: 2208 bytes
  node fields:
    -> rank 0: 113088 bytes
    -> rank 1: 9024 bytes
    -> rank 2: 245984 bytes
    -> rank 4: 14208 bytes
    -> rank 5: 448 bytes
    -> rank 6: 100704 bytes
    -> rank 7: 4448 bytes
Total data volume exchanged across all ranks: 8630016 bytes (8.23022 MB)
Writing VTU file for rank 0
    -> rank 7: 227840 bytes
    <- rank 0: 17888 bytes
    <- rank 1: 107744 bytes
    <- rank 2: 11936 bytes
    <- rank 3: 448 bytes
    <- rank 4: 169120 bytes
    <- rank 6: 36288 bytes
    <- rank 7: 236128 bytes
Rank 7 communication volume (sent 1195904 bytes, received 1193024 bytes):
  element (gauss) fields:
    -> rank 1: 2784 bytes
    -> rank 2: 68544 bytes
    -> rank 3: 2208 bytes
    -> rank 4: 33504 bytes
    -> rank 5: 280768 bytes
    -> rank 6: 247680 bytes
    <- rank 1: 3584 bytes
    <- rank 2: 72192 bytes
    <- rank 3: 2144 bytes
    <- rank 0: 113952 bytes
    <- rank 1: 8160 bytes
    <- rank 2: 238432 bytes
    <- rank 4: 12096 bytes
    <- rank 5: 448 bytes
    <- rank 6: 101568 bytes
    <- rank 7: 4512 bytes
    <- rank 4: 35552 bytes
    <- rank 5: 276000 bytes
    <- rank 6: 244000 bytes
  node fields:
    -> rank 1: 4384 bytes
    -> rank 2: 73536 bytes
    -> rank 3: 4512 bytes
    -> rank 4: 33376 bytes
    -> rank 5: 236128 bytes
    -> rank 6: 208480 bytes
    <- rank 1: 5984 bytes
    -> rank 0: 6112 bytes
    -> rank 1: 2912 bytes
    -> rank 2: 24416 bytes
    -> rank 3: 101568 bytes
    -> rank 4: 233120 bytes
    -> rank 5: 36288 bytes
    -> rank 7: 204224 bytes
    <- rank 0: 6624 bytes
    <- rank 1: 3616 bytes
    <- rank 2: 22752 bytes
    <- rank 3: 100704 bytes
    <- rank 4: 235040 bytes
    <- rank 5: 40992 bytes
    <- rank 7: 208480 bytes
    <- rank 2: 80480 bytes
    <- rank 3: 4448 bytes
    <- rank 4: 36576 bytes
    <- rank 5: 227840 bytes
    <- rank 6: 204224 bytes
Total execution time: 24.36 seconds
Wrote scaling-study CSV log: test2_results_mesh100x100x100_np8_comms20_smooth3.csv
