srun: warning: can't run 4 processes on 8 nodes, setting nnodes to 4
World size: 4
Rank 0 Building initial mesh
Mesh resolution: 200 x 200 x 200
Communication steps: 20, smoothing passes/step: 3
Initializing mesh
Creating a 3D box mesh 
Initial mesh build time: 28.2812 seconds
Initial mesh has 8000000 elements and 8120601 nodes
 Num_nodes_in_elem: 8
 Num_dims: 3
 Num_elems: 8000000
 Num_nodes: 8120601
 Num_nodes_in_elem: 8
 Num_nodes_in_elem: 8
Partitioning mesh using PT-Scotch
After partitioning
Mesh partitioning time: 3325.37 seconds
-----------------------------
Rank 0 mesh info:
Final mesh has 2049581 elements and 2104723 nodes
Final mesh has 1999310 owned elements and 2053755 owned nodes
Final mesh num_dims = 3
-----------------------------
-----------------------------
Rank 1 mesh info:
Final mesh has 2045156 elements and 2099481 nodes
Final mesh has 2000138 owned elements and 2053793 owned nodes
Final mesh num_dims = 3
-----------------------------
-----------------------------
Rank 3 mesh info:
Final mesh has 2049487 elements and 2105048 nodes
Final mesh has 2001950 owned elements and 2056819 owned nodes
Final mesh num_dims = 3
-----------------------------
-----------------------------
Rank 2 mesh info:
Final mesh has 2046476 elements and 2100794 nodes
Final mesh has 1998602 owned elements and 2052221 owned nodes
Final mesh num_dims = 3
-----------------------------
Total number of nodes: 8120601
Error in node count = 0
Generating phony data for gauss points to test MPI communications for the gauss point field communication
Rank 0 gauss point fields communication time over 20 step(s): min=0.000824932 avg=0.000881227 max=0.00142002 seconds
Rank 0 gauss point fields_vec communication time over 20 step(s): min=0.00104144 avg=0.00106782 max=0.00115431 seconds
Rank 1 gauss point fields communication time over 20 step(s): min=0.000784339 avg=0.000830531 max=0.0010694 seconds
Rank 1 gauss point fields_vec communication time over 20 step(s): min=0.00101115 avg=0.00103613 max=0.00111755 seconds
Rank 3 gauss point fields communication time over 20 step(s): min=0.000795108 avg=0.000840069 max=0.00107685 seconds
Rank 3 gauss point fields_vec communication time over 20 step(s): min=0.00101539 avg=0.00104196 max=0.00112109 seconds
Generating phony data for nodes to test MPI communications for the nodal fields
Rank 2 gauss point fields communication time over 20 step(s): min=0.000792974 avg=0.000837023 max=0.00107232 seconds
Rank 2 gauss point fields_vec communication time over 20 step(s): min=0.00101323 avg=0.00104592 max=0.0011278 seconds
Rank 0 nodal scalar_field communication time over 20 step(s): min=0.000755882 avg=0.000798933 max=0.00121078 seconds
Rank 0 nodal vector_field communication time over 20 step(s): min=0.00107503 avg=0.00113357 max=0.00142661 seconds
Rank 1 nodal scalar_field communication time over 20 step(s): min=0.000723564 avg=0.000776235 max=0.0011505 seconds
Rank 1 nodal vector_field communication time over 20 step(s): min=0.00103593 avg=0.00107526 max=0.00125215 seconds
Rank 2 nodal scalar_field communication time over 20 step(s): min=0.000729153 avg=0.000772242 max=0.00116304 seconds
Rank 2 nodal vector_field communication time over 20 step(s): min=0.00105139 avg=0.00110793 max=0.0012705 seconds
Rank 3 nodal scalar_field communication time over 20 step(s): min=0.000728833 avg=0.000768453 max=0.00115203 seconds
Rank 3 nodal vector_field communication time over 20 step(s): min=0.00104774 avg=0.00110685 max=0.00129929 seconds
Rank 0 communication volume (sent 3254624 bytes, received 3252640 bytes):
  element (gauss) fields:
    -> rank 1: 781984 bytes
    -> rank 2: 411808 bytes
    -> rank 3: 415520 bytes
    <- rank 1: 782720 bytes
    <- rank 2: 410272 bytes
Rank 1 communication volume (sent 2914944 bytes, received 2914752 bytes):
  element (gauss) fields:
    -> rank 0: 782720 bytes
    -> rank 2: 336672 bytes
    -> rank 3: 321440 bytes
    <- rank 0: 781984 bytes
    <- rank 2: 337248 bytes
    <- rank 3: 321344 bytes
  node fields:
    -> rank 0: 794784 bytes
    -> rank 2: 347648 bytes
    -> rank 3: 331680 bytes
    <- rank 0: 793504 bytes
    <- rank 3: 415680 bytes
  node fields:
    -> rank 1: 793504 bytes
    -> rank 2: 424416 bytes
    -> rank 3: 427392 bytes
    <- rank 1: 794784 bytes
    <- rank 2: 421760 bytes
    <- rank 3: 427424 bytes
Rank 3 communication volume (sent 3074528 bytes, received 3076544 bytes):
  element (gauss) fields:
    -> rank 0: 415680 bytes
    -> rank 1: 321344 bytes
    -> rank 2: 783488 bytes
    <- rank 0: 415520 bytes
Rank 2 communication volume (sent 3098656 bytes, received 3098816 bytes):
  element (gauss) fields:
    -> rank 0: 410272 bytes
    -> rank 1: 337248 bytes
    -> rank 3: 784224 bytes
    <- rank 2: 348864 bytes
    <- rank 3: 331808 bytes
    <- rank 1: 321440 bytes
    <- rank 2: 784224 bytes
  node fields:
    -> rank 0: 427424 bytes
    -> rank 1: 331808 bytes
    -> rank 2: 794784 bytes
    <- rank 0: 427392 bytes
    <- rank 1: 331680 bytes
Total data volume exchanged across all ranks: 12342752 bytes (11.771 MB)
Writing VTU file for rank 0
    <- rank 0: 411808 bytes
    <- rank 1: 336672 bytes
    <- rank 3: 783488 bytes
  node fields:
    -> rank 0: 421760 bytes
    -> rank 1: 348864 bytes
    -> rank 3: 796288 bytes
    <- rank 2: 796288 bytes
    <- rank 0: 424416 bytes
    <- rank 1: 347648 bytes
    <- rank 3: 794784 bytes
[rank 1] Failed to open VTU file: vtk/Fierro.00000_rank1.vtu
[rank 0] Failed to open VTU file: vtk/Fierro.00000_rank0.vtu
