srun: warning: can't run 2 processes on 8 nodes, setting nnodes to 2
World size: 2
Rank 0 Building initial mesh
Mesh resolution: 200 x 200 x 200
Communication steps: 20, smoothing passes/step: 3
Initializing mesh
Creating a 3D box mesh 
Initial mesh build time: 29.1404 seconds
Initial mesh has 8000000 elements and 8120601 nodes
 Num_nodes_in_elem: 8
 Num_dims: 3
 Num_elems: 8000000
 Num_nodes: 8120601
 Num_nodes_in_elem: 8
 Num_nodes_in_elem: 8
Partitioning mesh using PT-Scotch
After partitioning
Mesh partitioning time: 13174.41 seconds
-----------------------------
Rank 0 mesh info:
Final mesh has 4049247 elements and 4133564 nodes
Final mesh has 4003823 owned elements and 4087720 owned nodes
Final mesh num_dims = 3
-----------------------------
-----------------------------
Rank 1 mesh info:
Final mesh has 4041611 elements and 4124610 nodes
Final mesh has 3996177 owned elements and 4078742 owned nodes
Final mesh num_dims = 3
-----------------------------
Total number of nodes: 8120601
Error in node count = 0
Generating phony data for gauss points to test MPI communications for the gauss point field communication
Rank 1 gauss point fields communication time over 20 step(s): min=0.000700026 avg=0.000725065 max=0.000988919 seconds
Rank 1 gauss point fields_vec communication time over 20 step(s): min=0.000714523 avg=0.000720039 max=0.000736334 seconds
Rank 0 gauss point fields communication time over 20 step(s): min=0.000700207 avg=0.00073126 max=0.00113068 seconds
Rank 0 gauss point fields_vec communication time over 20 step(s): min=0.000709365 avg=0.000727093 max=0.00090858 seconds
Generating phony data for nodes to test MPI communications for the nodal fields
Rank 0 nodal scalar_field communication time over 20 step(s): min=0.000710107 avg=0.000772442 max=0.000922997 seconds
Rank 0 nodal vector_field communication time over 20 step(s): min=0.000760331 avg=0.000917866 max=0.00117418 seconds
Rank 1 nodal scalar_field communication time over 20 step(s): min=0.000701439 avg=0.000786874 max=0.000947642 seconds
Rank 1 nodal vector_field communication time over 20 step(s): min=0.000794845 avg=0.000917733 max=0.000996192 seconds
Rank 0 communication volume (sent 2921664 bytes, received 2920576 bytes):
  element (gauss) fields:
    -> rank 1: 1453888 bytes
    <- rank 1: 1453568 bytes
  node fields:
    -> rank 1: 1467776 bytes
    <- rank 1: 1467008 bytes
Total data volume exchanged across all ranks: 5842240 bytes (5.57159 MB)
Writing VTU file for rank 0
Rank 1 communication volume (sent 2920576 bytes, received 2921664 bytes):
  element (gauss) fields:
    -> rank 0: 1453568 bytes
    <- rank 0: 1453888 bytes
  node fields:
    -> rank 0: 1467008 bytes
    <- rank 0: 1467776 bytes
Total execution time: 13242.42 seconds
Wrote scaling-study CSV log: test2_results_mesh200x200x200_np2_comms20_smooth3.csv
