srun: warning: can't run 4 processes on 8 nodes, setting nnodes to 4
World size: 4
Rank 0 Building initial mesh
Mesh resolution: 100 x 100 x 100
Communication steps: 20, smoothing passes/step: 3
Initializing mesh
Creating a 3D box mesh 
Initial mesh build time: 3.33652 seconds
Initial mesh has 1000000 elements and 1030301 nodes
 Num_nodes_in_elem: 8
 Num_dims: 3
 Num_elems: 1000000
 Num_nodes: 1030301
 Num_nodes_in_elem: 8
 Num_nodes_in_elem: 8
Partitioning mesh using PT-Scotch
After partitioning
Mesh partitioning time: 57.90 seconds
-----------------------------
Rank 0 mesh info:
Final mesh has 262229 elements and 276412 nodes
Final mesh has 250047 owned elements and 263924 owned nodes
Final mesh num_dims = 3
-----------------------------
-----------------------------
Rank 1 mesh info:
Final mesh has 261849 elements and 275511 nodes
Final mesh has 250129 owned elements and 263480 owned nodes
Final mesh num_dims = 3
-----------------------------
-----------------------------
Rank 2 mesh info:
Final mesh has 261351 elements and 275193 nodes
Final mesh has 249912 owned elements and 263427 owned nodes
Final mesh num_dims = 3
-----------------------------
-----------------------------
Rank 3 mesh info:
Final mesh has 261675 elements and 275464 nodes
Final mesh has 249912 owned elements and 263373 owned nodes
Final mesh num_dims = 3
-----------------------------
Total number of nodes: 1030301
Error in node count = 0
Generating phony data for gauss points to test MPI communications for the gauss point field communication
Rank 0 gauss point fields communication time over 20 step(s): min=0.00018633 avg=0.000192516 max=0.000199655 seconds
Rank 0 gauss point fields_vec communication time over 20 step(s): min=0.000206929 avg=0.000224268 max=0.000367992 seconds
Rank 1 gauss point fields communication time over 20 step(s): min=0.000183205 avg=0.000188523 max=0.000192674 seconds
Rank 1 gauss point fields_vec communication time over 20 step(s): min=0.000204395 avg=0.000219315 max=0.000362163 seconds
Rank 2 gauss point fields communication time over 20 step(s): min=0.000174528 avg=0.000182799 max=0.000190188 seconds
Rank 2 gauss point fields_vec communication time over 20 step(s): min=0.000200838 avg=0.000216973 max=0.000362372 seconds
Generating phony data for nodes to test MPI communications for the nodal fields
Rank 3 gauss point fields communication time over 20 step(s): min=0.00017537 avg=0.00018483 max=0.000193835 seconds
Rank 3 gauss point fields_vec communication time over 20 step(s): min=0.000203323 avg=0.000219455 max=0.000363885 seconds
Rank 0 nodal scalar_field communication time over 20 step(s): min=0.000179548 avg=0.000183659 max=0.000213522 seconds
Rank 0 nodal vector_field communication time over 20 step(s): min=0.000178095 avg=0.000180377 max=0.000184347 seconds
Rank 1 nodal scalar_field communication time over 20 step(s): min=0.000173998 avg=0.00017949 max=0.000205197 seconds
Rank 1 nodal vector_field communication time over 20 step(s): min=0.000173798 avg=0.000176504 max=0.000179899 seconds
Rank 3 nodal scalar_field communication time over 20 step(s): min=0.000171743 avg=0.000178243 max=0.000201349 seconds
Rank 3 nodal vector_field communication time over 20 step(s): min=0.000172324 avg=0.000175832 max=0.000179899 seconds
Rank 2 nodal scalar_field communication time over 20 step(s): min=0.00017016 avg=0.000174764 max=0.00019673 seconds
Rank 2 nodal vector_field communication time over 20 step(s): min=0.000171633 avg=0.000174049 max=0.00018089 seconds
Rank 1 communication volume (sent 763520 bytes, received 765632 bytes):
  element (gauss) fields:
    -> rank 0: 203136 bytes
    -> rank 2: 83264 bytes
    -> rank 3: 87776 bytes
    <- rank 0: 204160 bytes
    <- rank 2: 83072 bytes
    <- rank 3: 87808 bytes
  node fields:
    -> rank 0: 207456 bytes
    -> rank 2: 88800 bytes
Rank 0 communication volume (sent 797312 bytes, received 795104 bytes):
  element (gauss) fields:
    -> rank 1: 204160 bytes
    -> rank 2: 90048 bytes
    -> rank 3: 96576 bytes
    <- rank 1: 203136 bytes
    <- rank 2: 90368 bytes
    <- rank 3: 96320 bytes
  node fields:
    -> rank 1: 209088 bytes
    -> rank 2: 95200 bytes
    -> rank 3: 93088 bytes
    <- rank 0: 209088 bytes
    <- rank 2: 88352 bytes
    <- rank 3: 93152 bytes
    -> rank 3: 102240 bytes
    <- rank 1: 207456 bytes
    <- rank 2: 96192 bytes
    <- rank 3: 101632 bytes
Rank 2 communication volume (sent 747168 bytes, received 748192 bytes):
  element (gauss) fields:
    -> rank 0: 90368 bytes
    -> rank 1: 83072 bytes
    -> rank 3: 192064 bytes
    <- rank 0: 90048 bytes
    <- rank 1: 83264 bytes
    <- rank 3: 192736 bytes
  node fields:
    -> rank 0: 96192 bytes
    -> rank 1: 88352 bytes
Rank 3 communication volume (sent 769792 bytes, received 768864 bytes):
  element (gauss) fields:
    -> rank 0: 96320 bytes
    -> rank 1: 87808 bytes
    -> rank 2: 192736 bytes
    <- rank 0: 96576 bytes
    <- rank 1: 87776 bytes
    <- rank 2: 192064 bytes
  node fields:
    -> rank 0: 101632 bytes
    -> rank 1: 93152 bytes
    -> rank 2: 198144 bytes
    -> rank 3: 197120 bytes
    <- rank 0: 95200 bytes
    <- rank 1: 88800 bytes
    <- rank 3: 198144 bytes
    <- rank 0: 102240 bytes
    <- rank 1: 93088 bytes
    <- rank 2: 197120 bytes
Total data volume exchanged across all ranks: 3077792 bytes (2.93521 MB)
Writing VTU file for rank 0
Total execution time: 63.64 seconds
Wrote scaling-study CSV log: test2_results_mesh100x100x100_np4_comms20_smooth3.csv
